../Core/Src/main.c:182:6:timer_callback	3
../Core/Src/main.c:199:6:subscription_callback	2
../Core/Src/main.c:210:6:service_callback	9
../Core/Src/main.c:245:6:client_callback	1
../Core/Src/main.c:252:6:send_client_request_safe	1
../Core/Src/main.c:257:6:handle_client_requests	16
../Core/Src/main.c:330:6:StartDefaultTask	2
../Core/Src/main.c:447:5:main	1
../Core/Src/main.c:508:6:SystemClock_Config	3
../Core/Src/main.c:563:6:HAL_TIM_PeriodElapsedCallback	37
../Core/Src/main.c:698:6:Error_Handler	1
