../Core/Src/main.c:170:6:timer_callback	24	static
../Core/Src/main.c:182:6:subscription_callback	24	static
../Core/Src/main.c:193:6:service_callback	24	static
../Core/Src/main.c:228:6:client_callback	24	static
../Core/Src/main.c:235:6:send_client_request_safe	16	static
../Core/Src/main.c:240:6:handle_client_requests	16	static
../Core/Src/main.c:313:6:StartDefaultTask	224	static
../Core/Src/main.c:430:5:main	8	static
../Core/Src/main.c:491:6:SystemClock_Config	88	static
../Core/Src/main.c:546:6:HAL_TIM_PeriodElapsedCallback	16	static
../Core/Src/main.c:681:6:Error_Handler	4	static,ignoring_inline_asm
