../Core/Src/main.c:170:6:timer_callback	2
../Core/Src/main.c:182:6:subscription_callback	2
../Core/Src/main.c:193:6:service_callback	9
../Core/Src/main.c:228:6:client_callback	1
../Core/Src/main.c:235:6:send_client_request_safe	1
../Core/Src/main.c:240:6:handle_client_requests	16
../Core/Src/main.c:313:6:StartDefaultTask	2
../Core/Src/main.c:430:5:main	1
../Core/Src/main.c:491:6:SystemClock_Config	3
../Core/Src/main.c:546:6:HAL_TIM_PeriodElapsedCallback	37
../Core/Src/main.c:681:6:Error_Handler	1
