../Core/Src/main.c:182:6:timer_callback	24	static
../Core/Src/main.c:199:6:subscription_callback	24	static
../Core/Src/main.c:210:6:service_callback	24	static
../Core/Src/main.c:245:6:client_callback	24	static
../Core/Src/main.c:252:6:send_client_request_safe	16	static
../Core/Src/main.c:257:6:handle_client_requests	16	static
../Core/Src/main.c:330:6:StartDefaultTask	224	static
../Core/Src/main.c:447:5:main	8	static
../Core/Src/main.c:508:6:SystemClock_Config	88	static
../Core/Src/main.c:563:6:HAL_TIM_PeriodElapsedCallback	16	static
../Core/Src/main.c:698:6:Error_Handler	4	static,ignoring_inline_asm
